[2025-08-23T17:56:12.201+0000] {manager.py:487} INFO - Processing files using up to 2 processes at a time 
[2025-08-23T17:56:12.202+0000] {manager.py:488} INFO - Process each file at most once every 30 seconds
[2025-08-23T17:56:12.202+0000] {manager.py:489} INFO - Checking for new files in /opt/airflow/dags every 300 seconds
[2025-08-23T17:56:12.203+0000] {manager.py:755} INFO - Searching for files in /opt/airflow/dags
[2025-08-23T17:56:12.203+0000] {manager.py:758} INFO - There are 0 files in /opt/airflow/dags
[2025-08-23T17:59:16.847+0000] {manager.py:469} INFO - Exiting gracefully upon receiving signal 15
[2025-08-23T17:59:43.402+0000] {manager.py:487} INFO - Processing files using up to 2 processes at a time 
[2025-08-23T17:59:43.402+0000] {manager.py:488} INFO - Process each file at most once every 30 seconds
[2025-08-23T17:59:43.403+0000] {manager.py:489} INFO - Checking for new files in /opt/airflow/dags every 300 seconds
[2025-08-23T17:59:43.403+0000] {manager.py:755} INFO - Searching for files in /opt/airflow/dags
[2025-08-23T17:59:43.406+0000] {manager.py:758} INFO - There are 0 files in /opt/airflow/dags
[2025-08-23T18:02:35.089+0000] {manager.py:469} INFO - Exiting gracefully upon receiving signal 15
[2025-08-23T18:02:53.254+0000] {manager.py:487} INFO - Processing files using up to 2 processes at a time 
[2025-08-23T18:02:53.255+0000] {manager.py:488} INFO - Process each file at most once every 30 seconds
[2025-08-23T18:02:53.255+0000] {manager.py:489} INFO - Checking for new files in /opt/airflow/dags every 300 seconds
[2025-08-23T18:02:53.255+0000] {manager.py:755} INFO - Searching for files in /opt/airflow/dags
[2025-08-23T18:02:53.261+0000] {manager.py:758} INFO - There are 1 files in /opt/airflow/dags
[2025-08-23T18:02:53.382+0000] {manager.py:887} INFO - 
================================================================================
DAG File Processing Stats

File Path                                  PID  Runtime      # DAGs    # Errors  Last Runtime    Last Run
---------------------------------------  -----  ---------  --------  ----------  --------------  ----------
/opt/airflow/dags/churn_pipeline_dag.py    167  0.08s             0           0
================================================================================
[2025-08-23T18:03:23.628+0000] {manager.py:887} INFO - 
================================================================================
DAG File Processing Stats

File Path                                  PID  Runtime      # DAGs    # Errors  Last Runtime    Last Run
---------------------------------------  -----  ---------  --------  ----------  --------------  -------------------
/opt/airflow/dags/churn_pipeline_dag.py    172  0.01s             1           0  0.28s           2025-08-23T18:02:53
================================================================================
[2025-08-23T18:03:53.937+0000] {manager.py:887} INFO - 
================================================================================
DAG File Processing Stats

File Path                                  PID  Runtime      # DAGs    # Errors  Last Runtime    Last Run
---------------------------------------  -----  ---------  --------  ----------  --------------  -------------------
/opt/airflow/dags/churn_pipeline_dag.py    185  0.01s             1           0  0.08s           2025-08-23T18:03:23
================================================================================
[2025-08-23T18:04:24.229+0000] {manager.py:887} INFO - 
================================================================================
DAG File Processing Stats

File Path                                  PID  Runtime      # DAGs    # Errors  Last Runtime    Last Run
---------------------------------------  -----  ---------  --------  ----------  --------------  -------------------
/opt/airflow/dags/churn_pipeline_dag.py    190  0.01s             1           0  0.08s           2025-08-23T18:03:54
================================================================================
[2025-08-23T18:04:54.523+0000] {manager.py:887} INFO - 
================================================================================
DAG File Processing Stats

File Path                                  PID  Runtime      # DAGs    # Errors  Last Runtime    Last Run
---------------------------------------  -----  ---------  --------  ----------  --------------  -------------------
/opt/airflow/dags/churn_pipeline_dag.py    195  0.01s             1           0  0.07s           2025-08-23T18:04:24
================================================================================
[2025-08-23T18:05:24.797+0000] {manager.py:887} INFO - 
================================================================================
DAG File Processing Stats

File Path                                  PID  Runtime      # DAGs    # Errors  Last Runtime    Last Run
---------------------------------------  -----  ---------  --------  ----------  --------------  -------------------
/opt/airflow/dags/churn_pipeline_dag.py    200  0.00s             1           0  0.09s           2025-08-23T18:04:54
================================================================================
[2025-08-23T18:05:55.104+0000] {manager.py:887} INFO - 
================================================================================
DAG File Processing Stats

File Path                                  PID  Runtime      # DAGs    # Errors  Last Runtime    Last Run
---------------------------------------  -----  ---------  --------  ----------  --------------  -------------------
/opt/airflow/dags/churn_pipeline_dag.py    205  0.01s             1           0  0.07s           2025-08-23T18:05:24
================================================================================
[2025-08-23T18:06:25.415+0000] {manager.py:887} INFO - 
================================================================================
DAG File Processing Stats

File Path                                  PID  Runtime      # DAGs    # Errors  Last Runtime    Last Run
---------------------------------------  -----  ---------  --------  ----------  --------------  -------------------
/opt/airflow/dags/churn_pipeline_dag.py    210  0.01s             1           0  0.09s           2025-08-23T18:05:55
================================================================================
[2025-08-23T18:06:55.705+0000] {manager.py:887} INFO - 
================================================================================
DAG File Processing Stats

File Path                                  PID  Runtime      # DAGs    # Errors  Last Runtime    Last Run
---------------------------------------  -----  ---------  --------  ----------  --------------  -------------------
/opt/airflow/dags/churn_pipeline_dag.py    215  0.01s             1           0  0.11s           2025-08-23T18:06:25
================================================================================
[2025-08-23T18:07:26.079+0000] {manager.py:887} INFO - 
================================================================================
DAG File Processing Stats

File Path                                  PID  Runtime      # DAGs    # Errors  Last Runtime    Last Run
---------------------------------------  -----  ---------  --------  ----------  --------------  -------------------
/opt/airflow/dags/churn_pipeline_dag.py    220  0.01s             1           0  0.08s           2025-08-23T18:06:55
================================================================================
[2025-08-23T18:07:53.396+0000] {manager.py:755} INFO - Searching for files in /opt/airflow/dags
[2025-08-23T18:07:53.402+0000] {manager.py:758} INFO - There are 1 files in /opt/airflow/dags
[2025-08-23T18:07:56.441+0000] {manager.py:887} INFO - 
================================================================================
DAG File Processing Stats

File Path                                PID    Runtime      # DAGs    # Errors  Last Runtime    Last Run
---------------------------------------  -----  ---------  --------  ----------  --------------  -------------------
/opt/airflow/dags/churn_pipeline_dag.py                           0           1  0.06s           2025-08-23T18:07:48
================================================================================
[2025-08-23T18:08:26.723+0000] {manager.py:887} INFO - 
================================================================================
DAG File Processing Stats

File Path                                PID    Runtime      # DAGs    # Errors  Last Runtime    Last Run
---------------------------------------  -----  ---------  --------  ----------  --------------  -------------------
/opt/airflow/dags/churn_pipeline_dag.py                           0           1  0.04s           2025-08-23T18:08:18
================================================================================
[2025-08-23T18:08:57.040+0000] {manager.py:887} INFO - 
================================================================================
DAG File Processing Stats

File Path                                PID    Runtime      # DAGs    # Errors  Last Runtime    Last Run
---------------------------------------  -----  ---------  --------  ----------  --------------  -------------------
/opt/airflow/dags/churn_pipeline_dag.py                           0           1  0.06s           2025-08-23T18:08:48
================================================================================
[2025-08-23T18:09:27.319+0000] {manager.py:887} INFO - 
================================================================================
DAG File Processing Stats

File Path                                PID    Runtime      # DAGs    # Errors  Last Runtime    Last Run
---------------------------------------  -----  ---------  --------  ----------  --------------  -------------------
/opt/airflow/dags/churn_pipeline_dag.py                           0           1  0.05s           2025-08-23T18:09:00
================================================================================
[2025-08-23T18:09:57.633+0000] {manager.py:887} INFO - 
================================================================================
DAG File Processing Stats

File Path                                PID    Runtime      # DAGs    # Errors  Last Runtime    Last Run
---------------------------------------  -----  ---------  --------  ----------  --------------  -------------------
/opt/airflow/dags/churn_pipeline_dag.py                           0           1  0.04s           2025-08-23T18:09:33
================================================================================
[2025-08-23T18:10:27.956+0000] {manager.py:887} INFO - 
================================================================================
DAG File Processing Stats

File Path                                PID    Runtime      # DAGs    # Errors  Last Runtime    Last Run
---------------------------------------  -----  ---------  --------  ----------  --------------  -------------------
/opt/airflow/dags/churn_pipeline_dag.py                           0           1  0.04s           2025-08-23T18:10:03
================================================================================
[2025-08-23T18:10:58.225+0000] {manager.py:887} INFO - 
================================================================================
DAG File Processing Stats

File Path                                PID    Runtime      # DAGs    # Errors  Last Runtime    Last Run
---------------------------------------  -----  ---------  --------  ----------  --------------  -------------------
/opt/airflow/dags/churn_pipeline_dag.py                           0           1  0.04s           2025-08-23T18:10:34
================================================================================
[2025-08-23T18:11:28.476+0000] {manager.py:887} INFO - 
================================================================================
DAG File Processing Stats

File Path                                PID    Runtime      # DAGs    # Errors  Last Runtime    Last Run
---------------------------------------  -----  ---------  --------  ----------  --------------  -------------------
/opt/airflow/dags/churn_pipeline_dag.py                           0           1  0.06s           2025-08-23T18:11:04
================================================================================
[2025-08-23T18:11:58.802+0000] {manager.py:887} INFO - 
================================================================================
DAG File Processing Stats

File Path                                PID    Runtime      # DAGs    # Errors  Last Runtime    Last Run
---------------------------------------  -----  ---------  --------  ----------  --------------  -------------------
/opt/airflow/dags/churn_pipeline_dag.py                           0           1  0.07s           2025-08-23T18:11:52
================================================================================
[2025-08-23T18:12:01.231+0000] {manager.py:469} INFO - Exiting gracefully upon receiving signal 15
[2025-08-23T18:48:54.336+0000] {manager.py:487} INFO - Processing files using up to 2 processes at a time 
[2025-08-23T18:48:54.337+0000] {manager.py:488} INFO - Process each file at most once every 30 seconds
[2025-08-23T18:48:54.337+0000] {manager.py:489} INFO - Checking for new files in /opt/airflow/dags every 300 seconds
[2025-08-23T18:48:54.337+0000] {manager.py:755} INFO - Searching for files in /opt/airflow/dags
[2025-08-23T18:48:54.339+0000] {manager.py:758} INFO - There are 1 files in /opt/airflow/dags
[2025-08-23T18:49:19.558+0000] {manager.py:887} INFO - 
================================================================================
DAG File Processing Stats

File Path                                PID    Runtime      # DAGs    # Errors  Last Runtime    Last Run
---------------------------------------  -----  ---------  --------  ----------  --------------  -------------------
/opt/airflow/dags/churn_pipeline_dag.py                           0           1  0.04s           2025-08-23T18:48:54
================================================================================
[2025-08-23T18:49:49.788+0000] {manager.py:887} INFO - 
================================================================================
DAG File Processing Stats

File Path                                PID    Runtime      # DAGs    # Errors  Last Runtime    Last Run
---------------------------------------  -----  ---------  --------  ----------  --------------  -------------------
/opt/airflow/dags/churn_pipeline_dag.py                           0           1  0.04s           2025-08-23T18:49:24
================================================================================
[2025-08-23T18:50:20.015+0000] {manager.py:887} INFO - 
================================================================================
DAG File Processing Stats

File Path                                PID    Runtime      # DAGs    # Errors  Last Runtime    Last Run
---------------------------------------  -----  ---------  --------  ----------  --------------  -------------------
/opt/airflow/dags/churn_pipeline_dag.py                           0           1  0.05s           2025-08-23T18:49:54
================================================================================
[2025-08-23T18:50:50.263+0000] {manager.py:887} INFO - 
================================================================================
DAG File Processing Stats

File Path                                PID    Runtime      # DAGs    # Errors  Last Runtime    Last Run
---------------------------------------  -----  ---------  --------  ----------  --------------  -------------------
/opt/airflow/dags/churn_pipeline_dag.py                           0           1  0.03s           2025-08-23T18:50:25
================================================================================
[2025-08-23T18:51:20.504+0000] {manager.py:887} INFO - 
================================================================================
DAG File Processing Stats

File Path                                PID    Runtime      # DAGs    # Errors  Last Runtime    Last Run
---------------------------------------  -----  ---------  --------  ----------  --------------  -------------------
/opt/airflow/dags/churn_pipeline_dag.py                           0           1  0.03s           2025-08-23T18:50:55
================================================================================
[2025-08-23T18:51:50.766+0000] {manager.py:887} INFO - 
================================================================================
DAG File Processing Stats

File Path                                PID    Runtime      # DAGs    # Errors  Last Runtime    Last Run
---------------------------------------  -----  ---------  --------  ----------  --------------  -------------------
/opt/airflow/dags/churn_pipeline_dag.py                           0           1  0.03s           2025-08-23T18:51:25
================================================================================
[2025-08-23T18:52:21.018+0000] {manager.py:887} INFO - 
================================================================================
DAG File Processing Stats

File Path                                PID    Runtime      # DAGs    # Errors  Last Runtime    Last Run
---------------------------------------  -----  ---------  --------  ----------  --------------  -------------------
/opt/airflow/dags/churn_pipeline_dag.py                           0           1  0.03s           2025-08-23T18:51:55
================================================================================
[2025-08-23T18:52:51.276+0000] {manager.py:887} INFO - 
================================================================================
DAG File Processing Stats

File Path                                PID    Runtime      # DAGs    # Errors  Last Runtime    Last Run
---------------------------------------  -----  ---------  --------  ----------  --------------  -------------------
/opt/airflow/dags/churn_pipeline_dag.py                           0           1  0.02s           2025-08-23T18:52:26
================================================================================
[2025-08-23T18:53:21.493+0000] {manager.py:887} INFO - 
================================================================================
DAG File Processing Stats

File Path                                PID    Runtime      # DAGs    # Errors  Last Runtime    Last Run
---------------------------------------  -----  ---------  --------  ----------  --------------  -------------------
/opt/airflow/dags/churn_pipeline_dag.py                           0           1  0.03s           2025-08-23T18:52:56
================================================================================
[2025-08-23T18:53:51.730+0000] {manager.py:887} INFO - 
================================================================================
DAG File Processing Stats

File Path                                PID    Runtime      # DAGs    # Errors  Last Runtime    Last Run
---------------------------------------  -----  ---------  --------  ----------  --------------  -------------------
/opt/airflow/dags/churn_pipeline_dag.py                           0           1  0.03s           2025-08-23T18:53:26
================================================================================
[2025-08-23T18:53:54.755+0000] {manager.py:755} INFO - Searching for files in /opt/airflow/dags
[2025-08-23T18:53:54.758+0000] {manager.py:758} INFO - There are 1 files in /opt/airflow/dags
[2025-08-23T18:54:22.025+0000] {manager.py:887} INFO - 
================================================================================
DAG File Processing Stats

File Path                                PID    Runtime      # DAGs    # Errors  Last Runtime    Last Run
---------------------------------------  -----  ---------  --------  ----------  --------------  -------------------
/opt/airflow/dags/churn_pipeline_dag.py                           0           1  0.03s           2025-08-23T18:54:19
================================================================================
[2025-08-23T18:54:33.472+0000] {manager.py:469} INFO - Exiting gracefully upon receiving signal 15
[2025-08-23T18:54:46.482+0000] {manager.py:487} INFO - Processing files using up to 2 processes at a time 
[2025-08-23T18:54:46.483+0000] {manager.py:488} INFO - Process each file at most once every 30 seconds
[2025-08-23T18:54:46.483+0000] {manager.py:489} INFO - Checking for new files in /opt/airflow/dags every 300 seconds
[2025-08-23T18:54:46.483+0000] {manager.py:755} INFO - Searching for files in /opt/airflow/dags
[2025-08-23T18:54:46.485+0000] {manager.py:758} INFO - There are 1 files in /opt/airflow/dags
[2025-08-23T18:54:46.514+0000] {manager.py:887} INFO - 
================================================================================
DAG File Processing Stats

File Path                                  PID  Runtime      # DAGs    # Errors  Last Runtime    Last Run
---------------------------------------  -----  ---------  --------  ----------  --------------  ----------
/opt/airflow/dags/churn_pipeline_dag.py    167  0.01s             0           0
================================================================================
[2025-08-23T18:55:16.756+0000] {manager.py:887} INFO - 
================================================================================
DAG File Processing Stats

File Path                                  PID  Runtime      # DAGs    # Errors  Last Runtime    Last Run
---------------------------------------  -----  ---------  --------  ----------  --------------  -------------------
/opt/airflow/dags/churn_pipeline_dag.py    172  0.01s             0           1  0.03s           2025-08-23T18:54:46
================================================================================
[2025-08-23T18:55:47.039+0000] {manager.py:887} INFO - 
================================================================================
DAG File Processing Stats

File Path                                  PID  Runtime      # DAGs    # Errors  Last Runtime    Last Run
---------------------------------------  -----  ---------  --------  ----------  --------------  -------------------
/opt/airflow/dags/churn_pipeline_dag.py    177  0.00s             0           1  0.05s           2025-08-23T18:55:16
================================================================================
[2025-08-23T18:56:17.316+0000] {manager.py:887} INFO - 
================================================================================
DAG File Processing Stats

File Path                                  PID  Runtime      # DAGs    # Errors  Last Runtime    Last Run
---------------------------------------  -----  ---------  --------  ----------  --------------  -------------------
/opt/airflow/dags/churn_pipeline_dag.py    182  0.01s             0           1  0.03s           2025-08-23T18:55:47
================================================================================
[2025-08-23T18:56:47.599+0000] {manager.py:887} INFO - 
================================================================================
DAG File Processing Stats

File Path                                  PID  Runtime      # DAGs    # Errors  Last Runtime    Last Run
---------------------------------------  -----  ---------  --------  ----------  --------------  -------------------
/opt/airflow/dags/churn_pipeline_dag.py    187  0.00s             0           1  0.07s           2025-08-23T18:56:17
================================================================================
[2025-08-23T18:57:17.896+0000] {manager.py:887} INFO - 
================================================================================
DAG File Processing Stats

File Path                                PID    Runtime      # DAGs    # Errors  Last Runtime    Last Run
---------------------------------------  -----  ---------  --------  ----------  --------------  -------------------
/opt/airflow/dags/churn_pipeline_dag.py                           0           1  0.05s           2025-08-23T18:57:12
================================================================================
[2025-08-23T18:57:48.178+0000] {manager.py:887} INFO - 
================================================================================
DAG File Processing Stats

File Path                                PID    Runtime      # DAGs    # Errors  Last Runtime    Last Run
---------------------------------------  -----  ---------  --------  ----------  --------------  -------------------
/opt/airflow/dags/churn_pipeline_dag.py                           0           1  0.04s           2025-08-23T18:57:43
================================================================================
[2025-08-23T18:58:07.970+0000] {manager.py:469} INFO - Exiting gracefully upon receiving signal 15
[2025-08-23T18:58:29.698+0000] {manager.py:487} INFO - Processing files using up to 2 processes at a time 
[2025-08-23T18:58:29.699+0000] {manager.py:488} INFO - Process each file at most once every 30 seconds
[2025-08-23T18:58:29.699+0000] {manager.py:489} INFO - Checking for new files in /opt/airflow/dags every 300 seconds
[2025-08-23T18:58:29.700+0000] {manager.py:755} INFO - Searching for files in /opt/airflow/dags
[2025-08-23T18:58:29.712+0000] {manager.py:758} INFO - There are 1 files in /opt/airflow/dags
[2025-08-23T18:58:29.758+0000] {manager.py:887} INFO - 
================================================================================
DAG File Processing Stats

File Path                                  PID  Runtime      # DAGs    # Errors  Last Runtime    Last Run
---------------------------------------  -----  ---------  --------  ----------  --------------  ----------
/opt/airflow/dags/churn_pipeline_dag.py    167  0.02s             0           0
================================================================================
[2025-08-23T18:59:00.008+0000] {manager.py:887} INFO - 
================================================================================
DAG File Processing Stats

File Path                                  PID  Runtime      # DAGs    # Errors  Last Runtime    Last Run
---------------------------------------  -----  ---------  --------  ----------  --------------  -------------------
/opt/airflow/dags/churn_pipeline_dag.py    172  0.01s             0           1  0.07s           2025-08-23T18:58:29
================================================================================
[2025-08-23T18:59:30.261+0000] {manager.py:887} INFO - 
================================================================================
DAG File Processing Stats

File Path                                  PID  Runtime      # DAGs    # Errors  Last Runtime    Last Run
---------------------------------------  -----  ---------  --------  ----------  --------------  -------------------
/opt/airflow/dags/churn_pipeline_dag.py    177  0.01s             0           1  0.04s           2025-08-23T18:59:00
================================================================================
[2025-08-23T18:59:45.974+0000] {manager.py:469} INFO - Exiting gracefully upon receiving signal 15
[2025-08-23T19:02:14.912+0000] {manager.py:487} INFO - Processing files using up to 2 processes at a time 
[2025-08-23T19:02:14.912+0000] {manager.py:488} INFO - Process each file at most once every 30 seconds
[2025-08-23T19:02:14.912+0000] {manager.py:489} INFO - Checking for new files in /opt/airflow/dags every 300 seconds
[2025-08-23T19:02:14.912+0000] {manager.py:755} INFO - Searching for files in /opt/airflow/dags
[2025-08-23T19:02:14.916+0000] {manager.py:758} INFO - There are 1 files in /opt/airflow/dags
[2025-08-23T19:02:14.962+0000] {manager.py:887} INFO - 
================================================================================
DAG File Processing Stats

File Path                                  PID  Runtime      # DAGs    # Errors  Last Runtime    Last Run
---------------------------------------  -----  ---------  --------  ----------  --------------  ----------
/opt/airflow/dags/churn_pipeline_dag.py    167  0.02s             0           0
================================================================================
[2025-08-23T19:02:45.115+0000] {manager.py:887} INFO - 
================================================================================
DAG File Processing Stats

File Path                                PID    Runtime      # DAGs    # Errors  Last Runtime    Last Run
---------------------------------------  -----  ---------  --------  ----------  --------------  -------------------
/opt/airflow/dags/churn_pipeline_dag.py                           0           1  0.76s           2025-08-23T19:02:15
================================================================================
[2025-08-23T19:03:15.335+0000] {manager.py:887} INFO - 
================================================================================
DAG File Processing Stats

File Path                                PID    Runtime      # DAGs    # Errors  Last Runtime    Last Run
---------------------------------------  -----  ---------  --------  ----------  --------------  -------------------
/opt/airflow/dags/churn_pipeline_dag.py                           0           1  0.32s           2025-08-23T19:02:46
================================================================================
[2025-08-23T19:03:45.747+0000] {manager.py:887} INFO - 
================================================================================
DAG File Processing Stats

File Path                                PID    Runtime      # DAGs    # Errors  Last Runtime    Last Run
---------------------------------------  -----  ---------  --------  ----------  --------------  -------------------
/opt/airflow/dags/churn_pipeline_dag.py                           0           1  0.25s           2025-08-23T19:03:16
================================================================================
[2025-08-23T19:04:16.111+0000] {manager.py:887} INFO - 
================================================================================
DAG File Processing Stats

File Path                                PID    Runtime      # DAGs    # Errors  Last Runtime    Last Run
---------------------------------------  -----  ---------  --------  ----------  --------------  -------------------
/opt/airflow/dags/churn_pipeline_dag.py                           0           1  0.22s           2025-08-23T19:03:46
================================================================================
[2025-08-23T19:04:46.483+0000] {manager.py:887} INFO - 
================================================================================
DAG File Processing Stats

File Path                                PID    Runtime      # DAGs    # Errors  Last Runtime    Last Run
---------------------------------------  -----  ---------  --------  ----------  --------------  -------------------
/opt/airflow/dags/churn_pipeline_dag.py                           0           1  0.25s           2025-08-23T19:04:17
================================================================================
[2025-08-23T19:05:16.895+0000] {manager.py:887} INFO - 
================================================================================
DAG File Processing Stats

File Path                                PID    Runtime      # DAGs    # Errors  Last Runtime    Last Run
---------------------------------------  -----  ---------  --------  ----------  --------------  -------------------
/opt/airflow/dags/churn_pipeline_dag.py                           0           1  0.24s           2025-08-23T19:04:47
================================================================================
[2025-08-23T19:05:47.268+0000] {manager.py:887} INFO - 
================================================================================
DAG File Processing Stats

File Path                                PID    Runtime      # DAGs    # Errors  Last Runtime    Last Run
---------------------------------------  -----  ---------  --------  ----------  --------------  -------------------
/opt/airflow/dags/churn_pipeline_dag.py                           0           1  0.26s           2025-08-23T19:05:18
================================================================================
[2025-08-23T19:06:17.676+0000] {manager.py:887} INFO - 
================================================================================
DAG File Processing Stats

File Path                                PID    Runtime      # DAGs    # Errors  Last Runtime    Last Run
---------------------------------------  -----  ---------  --------  ----------  --------------  -------------------
/opt/airflow/dags/churn_pipeline_dag.py                           0           1  0.22s           2025-08-23T19:05:48
================================================================================
[2025-08-23T19:06:47.977+0000] {manager.py:887} INFO - 
================================================================================
DAG File Processing Stats

File Path                                PID    Runtime      # DAGs    # Errors  Last Runtime    Last Run
---------------------------------------  -----  ---------  --------  ----------  --------------  -------------------
/opt/airflow/dags/churn_pipeline_dag.py                           0           1  0.24s           2025-08-23T19:06:18
================================================================================
[2025-08-23T19:07:15.407+0000] {manager.py:755} INFO - Searching for files in /opt/airflow/dags
[2025-08-23T19:07:15.414+0000] {manager.py:758} INFO - There are 1 files in /opt/airflow/dags
[2025-08-23T19:07:18.446+0000] {manager.py:887} INFO - 
================================================================================
DAG File Processing Stats

File Path                                PID    Runtime      # DAGs    # Errors  Last Runtime    Last Run
---------------------------------------  -----  ---------  --------  ----------  --------------  -------------------
/opt/airflow/dags/churn_pipeline_dag.py                           0           1  0.32s           2025-08-23T19:06:49
================================================================================
[2025-08-23T19:07:48.832+0000] {manager.py:887} INFO - 
================================================================================
DAG File Processing Stats

File Path                                PID    Runtime      # DAGs    # Errors  Last Runtime    Last Run
---------------------------------------  -----  ---------  --------  ----------  --------------  -------------------
/opt/airflow/dags/churn_pipeline_dag.py                           0           1  0.33s           2025-08-23T19:07:19
================================================================================
[2025-08-23T19:08:19.347+0000] {manager.py:887} INFO - 
================================================================================
DAG File Processing Stats

File Path                                PID    Runtime      # DAGs    # Errors  Last Runtime    Last Run
---------------------------------------  -----  ---------  --------  ----------  --------------  -------------------
/opt/airflow/dags/churn_pipeline_dag.py                           0           1  0.24s           2025-08-23T19:07:50
================================================================================
[2025-08-23T19:08:49.624+0000] {manager.py:887} INFO - 
================================================================================
DAG File Processing Stats

File Path                                PID    Runtime      # DAGs    # Errors  Last Runtime    Last Run
---------------------------------------  -----  ---------  --------  ----------  --------------  -------------------
/opt/airflow/dags/churn_pipeline_dag.py                           0           1  0.41s           2025-08-23T19:08:20
================================================================================
[2025-08-23T19:09:20.271+0000] {manager.py:887} INFO - 
================================================================================
DAG File Processing Stats

File Path                                PID    Runtime      # DAGs    # Errors  Last Runtime    Last Run
---------------------------------------  -----  ---------  --------  ----------  --------------  -------------------
/opt/airflow/dags/churn_pipeline_dag.py                           0           1  0.24s           2025-08-23T19:08:51
================================================================================
[2025-08-23T19:09:50.773+0000] {manager.py:887} INFO - 
================================================================================
DAG File Processing Stats

File Path                                PID    Runtime      # DAGs    # Errors  Last Runtime    Last Run
---------------------------------------  -----  ---------  --------  ----------  --------------  -------------------
/opt/airflow/dags/churn_pipeline_dag.py                           0           1  0.33s           2025-08-23T19:09:21
================================================================================
[2025-08-23T19:10:21.125+0000] {manager.py:887} INFO - 
================================================================================
DAG File Processing Stats

File Path                                PID    Runtime      # DAGs    # Errors  Last Runtime    Last Run
---------------------------------------  -----  ---------  --------  ----------  --------------  -------------------
/opt/airflow/dags/churn_pipeline_dag.py                           0           1  0.22s           2025-08-23T19:09:52
================================================================================
[2025-08-23T19:10:51.454+0000] {manager.py:887} INFO - 
================================================================================
DAG File Processing Stats

File Path                                PID    Runtime      # DAGs    # Errors  Last Runtime    Last Run
---------------------------------------  -----  ---------  --------  ----------  --------------  -------------------
/opt/airflow/dags/churn_pipeline_dag.py                           0           1  0.36s           2025-08-23T19:10:22
================================================================================
[2025-08-23T19:11:22.017+0000] {manager.py:887} INFO - 
================================================================================
DAG File Processing Stats

File Path                                PID    Runtime      # DAGs    # Errors  Last Runtime    Last Run
---------------------------------------  -----  ---------  --------  ----------  --------------  -------------------
/opt/airflow/dags/churn_pipeline_dag.py                           0           1  0.23s           2025-08-23T19:10:53
================================================================================
[2025-08-23T19:11:52.431+0000] {manager.py:887} INFO - 
================================================================================
DAG File Processing Stats

File Path                                PID    Runtime      # DAGs    # Errors  Last Runtime    Last Run
---------------------------------------  -----  ---------  --------  ----------  --------------  -------------------
/opt/airflow/dags/churn_pipeline_dag.py                           0           1  0.23s           2025-08-23T19:11:23
================================================================================
[2025-08-23T19:12:15.589+0000] {manager.py:755} INFO - Searching for files in /opt/airflow/dags
[2025-08-23T19:12:15.596+0000] {manager.py:758} INFO - There are 1 files in /opt/airflow/dags
[2025-08-23T19:12:22.672+0000] {manager.py:887} INFO - 
================================================================================
DAG File Processing Stats

File Path                                PID    Runtime      # DAGs    # Errors  Last Runtime    Last Run
---------------------------------------  -----  ---------  --------  ----------  --------------  -------------------
/opt/airflow/dags/churn_pipeline_dag.py                           0           1  0.25s           2025-08-23T19:11:53
================================================================================
[2025-08-23T19:12:53.185+0000] {manager.py:887} INFO - 
================================================================================
DAG File Processing Stats

File Path                                PID    Runtime      # DAGs    # Errors  Last Runtime    Last Run
---------------------------------------  -----  ---------  --------  ----------  --------------  -------------------
/opt/airflow/dags/churn_pipeline_dag.py                           0           1  0.28s           2025-08-23T19:12:24
================================================================================
[2025-08-23T19:13:23.684+0000] {manager.py:887} INFO - 
================================================================================
DAG File Processing Stats

File Path                                PID    Runtime      # DAGs    # Errors  Last Runtime    Last Run
---------------------------------------  -----  ---------  --------  ----------  --------------  -------------------
/opt/airflow/dags/churn_pipeline_dag.py                           0           1  0.23s           2025-08-23T19:12:54
================================================================================
[2025-08-23T19:13:53.989+0000] {manager.py:887} INFO - 
================================================================================
DAG File Processing Stats

File Path                                PID    Runtime      # DAGs    # Errors  Last Runtime    Last Run
---------------------------------------  -----  ---------  --------  ----------  --------------  -------------------
/opt/airflow/dags/churn_pipeline_dag.py                           0           1  0.27s           2025-08-23T19:13:24
================================================================================
[2025-08-23T19:14:24.481+0000] {manager.py:887} INFO - 
================================================================================
DAG File Processing Stats

File Path                                PID    Runtime      # DAGs    # Errors  Last Runtime    Last Run
---------------------------------------  -----  ---------  --------  ----------  --------------  -------------------
/opt/airflow/dags/churn_pipeline_dag.py                           0           1  0.26s           2025-08-23T19:13:55
================================================================================
[2025-08-23T19:14:54.769+0000] {manager.py:887} INFO - 
================================================================================
DAG File Processing Stats

File Path                                PID    Runtime      # DAGs    # Errors  Last Runtime    Last Run
---------------------------------------  -----  ---------  --------  ----------  --------------  -------------------
/opt/airflow/dags/churn_pipeline_dag.py                           0           1  0.41s           2025-08-23T19:14:25
================================================================================
[2025-08-23T19:15:25.386+0000] {manager.py:887} INFO - 
================================================================================
DAG File Processing Stats

File Path                                PID    Runtime      # DAGs    # Errors  Last Runtime    Last Run
---------------------------------------  -----  ---------  --------  ----------  --------------  -------------------
/opt/airflow/dags/churn_pipeline_dag.py                           0           1  0.23s           2025-08-23T19:14:56
================================================================================
[2025-08-23T19:15:55.884+0000] {manager.py:887} INFO - 
================================================================================
DAG File Processing Stats

File Path                                PID    Runtime      # DAGs    # Errors  Last Runtime    Last Run
---------------------------------------  -----  ---------  --------  ----------  --------------  -------------------
/opt/airflow/dags/churn_pipeline_dag.py                           0           1  0.29s           2025-08-23T19:15:26
================================================================================
[2025-08-23T19:16:26.190+0000] {manager.py:887} INFO - 
================================================================================
DAG File Processing Stats

File Path                                PID    Runtime      # DAGs    # Errors  Last Runtime    Last Run
---------------------------------------  -----  ---------  --------  ----------  --------------  -------------------
/opt/airflow/dags/churn_pipeline_dag.py                           0           1  0.25s           2025-08-23T19:15:57
================================================================================
[2025-08-23T19:16:56.561+0000] {manager.py:887} INFO - 
================================================================================
DAG File Processing Stats

File Path                                PID    Runtime      # DAGs    # Errors  Last Runtime    Last Run
---------------------------------------  -----  ---------  --------  ----------  --------------  -------------------
/opt/airflow/dags/churn_pipeline_dag.py                           0           1  0.35s           2025-08-23T19:16:27
================================================================================
[2025-08-23T19:17:15.935+0000] {manager.py:755} INFO - Searching for files in /opt/airflow/dags
[2025-08-23T19:17:15.940+0000] {manager.py:758} INFO - There are 1 files in /opt/airflow/dags
[2025-08-23T19:17:27.025+0000] {manager.py:887} INFO - 
================================================================================
DAG File Processing Stats

File Path                                PID    Runtime      # DAGs    # Errors  Last Runtime    Last Run
---------------------------------------  -----  ---------  --------  ----------  --------------  -------------------
/opt/airflow/dags/churn_pipeline_dag.py                           0           1  0.28s           2025-08-23T19:16:57
================================================================================
[2025-08-23T19:17:57.310+0000] {manager.py:887} INFO - 
================================================================================
DAG File Processing Stats

File Path                                PID    Runtime      # DAGs    # Errors  Last Runtime    Last Run
---------------------------------------  -----  ---------  --------  ----------  --------------  -------------------
/opt/airflow/dags/churn_pipeline_dag.py                           0           1  0.28s           2025-08-23T19:17:28
================================================================================
[2025-08-23T19:18:27.796+0000] {manager.py:887} INFO - 
================================================================================
DAG File Processing Stats

File Path                                PID    Runtime      # DAGs    # Errors  Last Runtime    Last Run
---------------------------------------  -----  ---------  --------  ----------  --------------  -------------------
/opt/airflow/dags/churn_pipeline_dag.py                           0           1  0.27s           2025-08-23T19:17:58
================================================================================
[2025-08-23T19:18:58.082+0000] {manager.py:887} INFO - 
================================================================================
DAG File Processing Stats

File Path                                PID    Runtime      # DAGs    # Errors  Last Runtime    Last Run
---------------------------------------  -----  ---------  --------  ----------  --------------  -------------------
/opt/airflow/dags/churn_pipeline_dag.py                           0           1  0.25s           2025-08-23T19:18:29
================================================================================
[2025-08-23T19:19:28.545+0000] {manager.py:887} INFO - 
================================================================================
DAG File Processing Stats

File Path                                PID    Runtime      # DAGs    # Errors  Last Runtime    Last Run
---------------------------------------  -----  ---------  --------  ----------  --------------  -------------------
/opt/airflow/dags/churn_pipeline_dag.py                           0           1  0.25s           2025-08-23T19:18:59
================================================================================
[2025-08-23T19:19:58.828+0000] {manager.py:887} INFO - 
================================================================================
DAG File Processing Stats

File Path                                PID    Runtime      # DAGs    # Errors  Last Runtime    Last Run
---------------------------------------  -----  ---------  --------  ----------  --------------  -------------------
/opt/airflow/dags/churn_pipeline_dag.py                           0           1  0.23s           2025-08-23T19:19:29
================================================================================
[2025-08-23T19:20:29.315+0000] {manager.py:887} INFO - 
================================================================================
DAG File Processing Stats

File Path                                PID    Runtime      # DAGs    # Errors  Last Runtime    Last Run
---------------------------------------  -----  ---------  --------  ----------  --------------  -------------------
/opt/airflow/dags/churn_pipeline_dag.py                           0           1  0.30s           2025-08-23T19:20:26
================================================================================
[2025-08-23T19:20:59.756+0000] {manager.py:887} INFO - 
================================================================================
DAG File Processing Stats

File Path                                PID    Runtime      # DAGs    # Errors  Last Runtime    Last Run
---------------------------------------  -----  ---------  --------  ----------  --------------  -------------------
/opt/airflow/dags/churn_pipeline_dag.py                           0           1  0.24s           2025-08-23T19:20:56
================================================================================
[2025-08-23T19:21:15.118+0000] {manager.py:469} INFO - Exiting gracefully upon receiving signal 15
[2025-08-23T19:22:50.253+0000] {manager.py:487} INFO - Processing files using up to 2 processes at a time 
[2025-08-23T19:22:50.254+0000] {manager.py:488} INFO - Process each file at most once every 30 seconds
[2025-08-23T19:22:50.254+0000] {manager.py:489} INFO - Checking for new files in /opt/airflow/dags every 300 seconds
[2025-08-23T19:22:50.254+0000] {manager.py:755} INFO - Searching for files in /opt/airflow/dags
[2025-08-23T19:22:50.256+0000] {manager.py:758} INFO - There are 1 files in /opt/airflow/dags
[2025-08-23T19:22:50.293+0000] {manager.py:887} INFO - 
================================================================================
DAG File Processing Stats

File Path                                  PID  Runtime      # DAGs    # Errors  Last Runtime    Last Run
---------------------------------------  -----  ---------  --------  ----------  --------------  ----------
/opt/airflow/dags/churn_pipeline_dag.py    167  0.02s             0           0
================================================================================
[2025-08-23T19:23:20.472+0000] {manager.py:887} INFO - 
================================================================================
DAG File Processing Stats

File Path                                PID    Runtime      # DAGs    # Errors  Last Runtime    Last Run
---------------------------------------  -----  ---------  --------  ----------  --------------  -------------------
/opt/airflow/dags/churn_pipeline_dag.py                           0           1  0.47s           2025-08-23T19:22:50
================================================================================
[2025-08-23T19:23:51.248+0000] {manager.py:887} INFO - 
================================================================================
DAG File Processing Stats

File Path                                  PID  Runtime      # DAGs    # Errors  Last Runtime    Last Run
---------------------------------------  -----  ---------  --------  ----------  --------------  -------------------
/opt/airflow/dags/churn_pipeline_dag.py    179  0.01s             0           1  0.25s           2025-08-23T19:23:21
================================================================================
